// Jest Snapshot v1, https://goo.gl/fbAQLP

exports[`MenuGroup renders correctly 1`] = `
<Component
  style={
    Object {
      "marginTop": 0.5,
    }
  }
>
  <Touchable
    accessibilityComponentType="button"
    accessibilityTraits="button"
    borderlessRipple={false}
    disabled={false}
    onPress={[MockFunction]}
    rippleColor="rgba(0, 0, 0, 0.32)"
  >
    <MenuItemWrapper
      iconRendered={false}
    >
      <Component
        style={
          Object {
            "alignItems": "center",
            "flexDirection": "row",
          }
        }
      >
        <Component>
          <WithTheme
            size="large"
            type="attention"
          >
            test
          </WithTheme>
        </Component>
      </Component>
    </MenuItemWrapper>
  </Touchable>
</Component>
`;
