// Jest Snapshot v1, https://goo.gl/fbAQLP

exports[`MenuGroup hides actionIcon 1`] = `
<Component
  style={
    Object {
      "marginBottom": -0.5,
      "marginTop": 0.5,
    }
  }
>
  <Touchable
    accessibilityComponentType="button"
    accessibilityTraits="button"
    borderlessRipple={false}
    disabled={false}
    onPress={[MockFunction]}
    rippleColor="rgba(0, 0, 0, 0.32)"
    style={
      Object {
        "backgroundColor": "#fff",
        "paddingBottom": 11.5,
        "paddingEnd": 16,
        "paddingStart": 12,
        "paddingTop": 8.5,
      }
    }
  >
    <Component
      style={
        Object {
          "alignItems": "center",
          "flexDirection": "row",
        }
      }
    >
      <Component>
        <Text
          expo={false}
          size="large"
          type="attention"
        >
          test
        </Text>
      </Component>
    </Component>
  </Touchable>
  <Separator
    style={
      Object {
        "marginStart": 12,
      }
    }
  />
</Component>
`;

exports[`MenuGroup renders correctly 1`] = `
<Component
  style={
    Object {
      "marginBottom": -0.5,
      "marginTop": 0.5,
    }
  }
>
  <Touchable
    accessibilityComponentType="button"
    accessibilityTraits="button"
    borderlessRipple={false}
    disabled={false}
    onPress={[MockFunction]}
    rippleColor="rgba(0, 0, 0, 0.32)"
    style={
      Object {
        "backgroundColor": "#fff",
        "paddingBottom": 11.5,
        "paddingEnd": 16,
        "paddingStart": 12,
        "paddingTop": 8.5,
      }
    }
  >
    <Component
      style={
        Object {
          "alignItems": "center",
          "flexDirection": "row",
        }
      }
    >
      <Component>
        <Text
          expo={false}
          size="large"
          type="attention"
        >
          test
        </Text>
      </Component>
      <Component
        style={
          Object {
            "alignItems": "flex-end",
            "flex": 1,
          }
        }
      >
        <Icon
          color="#00a991"
          name="chevron-right"
        />
      </Component>
    </Component>
  </Touchable>
  <Separator
    style={
      Object {
        "marginStart": 12,
      }
    }
  />
</Component>
`;
