// Jest Snapshot v1, https://goo.gl/fbAQLP

exports[`renders 1`] = `
Object {
  "output": <Component
    source={1}
    style={
      Array [
        Object {
          "alignSelf": "center",
          "resizeMode": "contain",
        },
        undefined,
      ]
    }
  />,
}
`;
