// Jest Snapshot v1, https://goo.gl/fbAQLP

exports[`renders 1`] = `
Object {
  "output": <TouchableWithoutFeedback
    accessibilityComponentType="button"
    accessibilityTraits="button"
    onPress={
      [MockFunction] {
        "calls": Array [
          Array [
            undefined,
          ],
        ],
        "results": Array [
          Object {
            "isThrow": false,
            "value": undefined,
          },
        ],
      }
    }
  >
    <Component
      style={
        Object {
          "alignItems": "center",
          "backgroundColor": "#e8edf1",
          "borderRadius": 6,
          "flex": 1,
          "flexDirection": "row",
          "height": 44,
          "paddingHorizontal": 11,
        }
      }
    >
      <Icon
        color="#7f91a8"
        name="flight-direct"
      />
      <Text
        style={
          Object {
            "color": "#171b1e",
            "flex": 1,
            "fontSize": 14,
            "marginLeft": 10,
          }
        }
      >
        One way
      </Text>
      <Icon
        color="#7f91a8"
        name="show-more"
      />
    </Component>
  </TouchableWithoutFeedback>,
}
`;
