// Jest Snapshot v1, https://goo.gl/fbAQLP

exports[`Hoverable - native should match snapshot 1`] = `<View />`;

exports[`Hoverable - web should match snapshot 1`] = `
<View
  onMouseEnter={[Function]}
  onMouseLeave={[Function]}
/>
`;
