// Jest Snapshot v1, https://goo.gl/fbAQLP

exports[`PickerButton should match snapshot diff 1`] = `
"Snapshot Diff:
- <PickerButton />
+ <PickerButton iconName=\\"chevron-down\\" onPress={[Function mockConstructor]} placeholder=\\"Select\\" value=\\"Value\\" />

@@ -1,8 +1,33 @@
  <View
+   accessible={true}
+   isTVSelectable={true}
+   onResponderGrant={[Function bound touchableHandleResponderGrant]}
+   onResponderMove={[Function bound touchableHandleResponderMove]}
+   onResponderRelease={[Function bound touchableHandleResponderRelease]}
+   onResponderTerminate={[Function bound touchableHandleResponderTerminate]}
+   onResponderTerminationRequest={[Function bound touchableHandleResponderTerminationRequest]}
+   onStartShouldSetResponder={[Function bound touchableHandleStartShouldSetResponder]}
+   style={
+     Object {
+       \\"opacity\\": 1,
+     }
+   }
+ >
+   <View
      style={
+       Array [
+         undefined,
          Object {
+           \\"width\\": undefined,
+         },
+       ]
+     }
+   >
+     <View
+       style={
+         Object {
            \\"alignItems\\": \\"center\\",
            \\"backgroundColor\\": \\"#e8edf1\\",
            \\"borderRadius\\": 6,
            \\"flex\\": 1,
            \\"flexBasis\\": 44,
@@ -24,18 +49,18 @@
              },
              Array [
                Object {
                  \\"color\\": \\"#171b1e\\",
                  \\"paddingEnd\\": 12,
-           },
-           Object {
-             \\"color\\": \\"#bac7d5\\",
                },
+               false,
              ],
            ]
          }
-   />
+       >
+         Value
+       </Text>
        <Text
          style={
            Array [
              Object {
                \\"fontFamily\\": \\"orbit-icons\\",
@@ -51,8 +76,10 @@
              },
              undefined,
            ]
          }
        >
-     
+         
        </Text>
+     </View>
+   </View>
  </View>"
`;
