// Jest Snapshot v1, https://goo.gl/fbAQLP

exports[`Loader should match snapshot diff between small and large loader 1`] = `
"Snapshot Diff:
- First value
+ Second value

@@ -4,3 +4,3 @@
    hidesWhenStopped={true}
-   size=\\"small\\"
+   size=\\"large\\"
  />"
`;
