// Jest Snapshot v1, https://goo.gl/fbAQLP

exports[`Hoverable - native should match snapshot 1`] = `
<View
  isHovered={false}
  onMouseEnter={[Function]}
  onMouseLeave={[Function]}
  testID="childView"
/>
`;

exports[`Hoverable - web should match snapshot 1`] = `
<View
  isHovered={false}
  onMouseEnter={[Function]}
  onMouseLeave={[Function]}
  testID="childView"
/>
`;
